2014-06-06T19:32:47.885+0200: 191.603: [GC [1 CMS-initial-mark: 0K(707840K)] 158210K(1014528K), 0.0394570 secs] [Times: user=0.04 sys=0.00, real=0.04 secs] 
2014-06-06T19:32:47.924+0200: 191.642: [CMS-concurrent-mark-start]
2014-06-06T19:32:47.952+0200: 191.670: [CMS-concurrent-mark: 0.028/0.028 secs] [Times: user=0.03 sys=0.00, real=0.02 secs] 
2014-06-06T19:32:47.952+0200: 191.671: [CMS-concurrent-preclean-start]
2014-06-06T19:32:47.966+0200: 191.684: [CMS-concurrent-preclean: 0.013/0.013 secs] [Times: user=0.01 sys=0.00, real=0.02 secs] 
2014-06-06T19:32:47.966+0200: 191.684: [CMS-concurrent-abortable-preclean-start]
 CMS: abort preclean due to time 2014-06-06T19:32:53.021+0200: 196.739: [CMS-concurrent-abortable-preclean: 0.149/5.056 secs] [Times: user=0.38 sys=0.03, real=5.05 secs] 
2014-06-06T19:32:53.022+0200: 196.740: [GC[YG occupancy: 163663 K (306688 K)]2014-06-06T19:32:53.022+0200: 196.740: [GC2014-06-06T19:32:53.022+0200: 196.740: [ParNew: 163663K->10276K(306688K), 0.0293440 secs] 163663K->10276K(1014528K), 0.0294490 secs] [Times: user=0.08 sys=0.01, real=0.03 secs] 
2014-06-06T19:32:53.051+0200: 196.769: [Rescan (parallel) , 0.0102260 secs]2014-06-06T19:32:53.062+0200: 196.780: [weak refs processing, 0.0000210 secs]2014-06-06T19:32:53.062+0200: 196.780: [class unloading, 0.0008430 secs]2014-06-06T19:32:53.062+0200: 196.781: [scrub symbol table, 0.0011020 secs]2014-06-06T19:32:53.064+0200: 196.782: [scrub string table, 0.0001320 secs] [1 CMS-remark: 0K(707840K)] 10276K(1014528K), 0.0420650 secs] [Times: user=0.12 sys=0.01, real=0.05 secs] 
2014-06-06T19:32:53.064+0200: 196.782: [CMS-concurrent-sweep-start]
2014-06-06T19:32:53.068+0200: 196.786: [CMS-concurrent-sweep: 0.003/0.004 secs] [Times: user=0.01 sys=0.00, real=0.00 secs] 
2014-06-06T19:32:53.068+0200: 196.786: [CMS-concurrent-reset-start]
2014-06-06T19:32:53.076+0200: 196.794: [CMS-concurrent-reset: 0.008/0.008 secs] [Times: user=0.01 sys=0.00, real=0.01 secs] 
Heap
 par new generation   total 306688K, used 175220K [0x00000000b5a00000, 0x00000000ca6c0000, 0x00000000ca6c0000)
  eden space 272640K,  60% used [0x00000000b5a00000, 0x00000000bfb14290, 0x00000000c6440000)
  from space 34048K,  30% used [0x00000000c8580000, 0x00000000c8f890a8, 0x00000000ca6c0000)
  to   space 34048K,   0% used [0x00000000c6440000, 0x00000000c6440000, 0x00000000c8580000)
 concurrent mark-sweep generation total 707840K, used 0K [0x00000000ca6c0000, 0x00000000f5a00000, 0x00000000f5a00000)
 concurrent-mark-sweep perm gen total 33144K, used 20581K [0x00000000f5a00000, 0x00000000f7a5e000, 0x0000000100000000)
